// Jest Snapshot v1, https://goo.gl/fbAQLP

exports[`Should render ExpenseListItem 1`] = `
<div>
  <h3>
    Gum
  </h3>
  <p>
    Amount: 
    $1.95
  </p>
  <p>
    Created At: 
    December 31st, 1969
  </p>
  <Link
    to="/edit/1"
  >
    Edit
  </Link>
</div>
`;
